// Jest Snapshot v1, https://goo.gl/fbAQLP

exports[`Button test -- looks good 1`] = `
<Component>
  <input
    className="demo"
  />
</Component>
`;
